---
source: src/screens/home.rs
expression: terminal.backend()
---
"╔══════════════════════════════════════════════════════════════════════════════╗"
"║                                                                              ║"
"║                                                                              ║"
"║                                                                              ║"
"║            ╭────────────────────────────────────────────────────╮            ║"
"║            │Room                                                │            ║"
"║            ╰────────────────────────────────────────────────────╯            ║"
"║                                                                              ║"
"║                                                                              ║"
"║                                                                              ║"
"║            ▔▔▔▔▔▔▔▔▔▔▔▔▔▔▔▔▔▔▔▔▔▔▔▔▔▔▔▔▔▔▔▔▔▔▔▔▔▔▔▔▔▔▔▔▔▔▔▔▔▔▔▔▔▔            ║"
"║                     Join Room                   Logout                       ║"
"║            ▁▁▁▁▁▁▁▁▁▁▁▁▁▁▁▁▁▁▁▁▁▁▁▁▁▁▁▁▁▁▁▁▁▁▁▁▁▁▁▁▁▁▁▁▁▁▁▁▁▁▁▁▁▁            ║"
"║            ▔▔▔▔▔▔▔▔▔▔▔▔▔▔▔▔▔▔▔▔▔▔▔▔▔▔▔▔▔▔▔▔▔▔▔▔▔▔▔▔▔▔▔▔▔▔▔▔▔▔▔▔▔▔            ║"
"║                                     Exit                                     ║"
"║            ▁▁▁▁▁▁▁▁▁▁▁▁▁▁▁▁▁▁▁▁▁▁▁▁▁▁▁▁▁▁▁▁▁▁▁▁▁▁▁▁▁▁▁▁▁▁▁▁▁▁▁▁▁▁            ║"
"║                                                                              ║"
"║                                                                              ║"
"║                                                                              ║"
"╚══════════════════════════════════════════════════════════════════════════════╝"
